{
  "foo": "foo_8xHNL",
  "bar": "bar_8xHNL foo_8xHNL"
}
