{
  "bar": "bar_8xHNL",
  "baz": "baz_2acPcg bar_8xHNL foo_8xHNL",
  "fob": "fob_2acPcg foo_8xHNL",
  "foo": "foo_8xHNL"
}
